[2026-09-26T19:07:57Z] === ENRICH ITERATION 1 START | repo=tower-rs/tower-http sha=1d082ef7 ===
[2026-09-26T19:07:57Z] [iter=1] PHASE START: enrich repo=tower-rs/tower-http sha=1d082ef7 runlog=/home/runner/work/forx/forx/storage/aggregate/lsp/logs/1d082ef7-enrich-iter-001.log output=/home/runner/work/forx/forx/storage/aggregate/lsp/1d082ef7bdb6d80a2964698804a46c338b4c6a99.nq.gz
[2026-09-26T19:07:57Z] [iter=1] Step 1: Loading AST into disk-backed store mem_mb=78 MB
[2026-09-26T19:08:06Z] [iter=1] AST store loaded triples=912150 load_secs=8 mem_mb=848 MB
[2026-09-26T19:08:06Z] [iter=1] Step 2: Finding LSP targets mem_mb=848 MB
[2026-09-26T19:08:08Z] [iter=1] LSP targets found call_sites=7339 imports=0 extends=0 implements=319 secs=2
[2026-09-26T19:08:10Z] [iter=1] Step 2.7: Building position index (one-shot, shared across resolvers) mem_mb=848 MB
[2026-09-26T19:08:15Z] [iter=1] Position index built positions=62697 nodes_with_types=75989 secs=5 mem_mb=848 MB
[2026-09-26T19:08:15Z] [iter=1] Step 3: Starting LSP resolution mem_mb=848 MB already_completed_types=[] already_completed_files=0
[2026-09-26T19:08:15Z] [iter=1] Resolving target type target_type=call_site count=7339
[2026-09-26T19:08:42Z] [iter=1] HEARTBEAT target_type=call_site elapsed_min=0.8 files_done=0 resolved=0 errors=0 current=tower-http/src/compression/layer.rs
[2026-09-26T19:09:24Z] [iter=1] HEARTBEAT target_type=call_site elapsed_min=1.4 files_done=1 resolved=31 errors=25 current=tower-http/src/auth/require_authorization.rs
[2026-09-26T19:09:58Z] [iter=1] HEARTBEAT target_type=call_site elapsed_min=2.0 files_done=4 resolved=356 errors=107 current=tower-http/src/services/fs/serve_file.rs
[2026-09-26T19:10:38Z] [iter=1] HEARTBEAT target_type=call_site elapsed_min=2.7 files_done=5 resolved=693 errors=190 current=tower-http/src/set_header/mod.rs
[2026-09-26T19:11:28Z] [iter=1] HEARTBEAT target_type=call_site elapsed_min=3.5 files_done=9 resolved=1131 errors=305 current=tower-http/src/cors/max_age.rs
[2026-09-26T19:11:59Z] [iter=1] HEARTBEAT target_type=call_site elapsed_min=4.0 files_done=13 resolved=1307 errors=383 current=tower-http/src/on_early_drop/service.rs
[2026-09-26T19:12:39Z] [iter=1] HEARTBEAT target_type=call_site elapsed_min=4.7 files_done=15 resolved=1586 errors=481 current=tower-http/src/follow_redirect/policy/or.rs
[2026-09-26T19:13:10Z] [iter=1] HEARTBEAT target_type=call_site elapsed_min=5.2 files_done=19 resolved=1859 errors=561 current=tower-http/src/follow_redirect/policy/filter_credentials.rs
[2026-09-26T19:14:07Z] [iter=1] HEARTBEAT target_type=call_site elapsed_min=6.2 files_done=21 resolved=2486 errors=714 current=tower-http/src/follow_redirect/mod.rs
[2026-09-26T19:14:46Z] [iter=1] HEARTBEAT target_type=call_site elapsed_min=6.8 files_done=24 resolved=2877 errors=813 current=tower-http/src/cors/vary.rs
[2026-09-26T19:15:23Z] [iter=1] HEARTBEAT target_type=call_site elapsed_min=7.4 files_done=28 resolved=3156 errors=906 current=tower-http/src/decompression/future.rs
[2026-09-26T19:15:53Z] [iter=1] HEARTBEAT target_type=call_site elapsed_min=7.9 files_done=32 resolved=3279 errors=976 current=tower-http/src/trace/service.rs
[2026-09-26T19:16:25Z] [iter=1] HEARTBEAT target_type=call_site elapsed_min=8.5 files_done=36 resolved=3456 errors=1054 current=tower-http/src/timeout/service.rs
[2026-09-26T19:16:59Z] [iter=1] HEARTBEAT target_type=call_site elapsed_min=9.0 files_done=41 resolved=3789 errors=1143 current=tower-http/src/normalize_path.rs
[2026-09-26T19:17:31Z] [iter=1] HEARTBEAT target_type=call_site elapsed_min=9.6 files_done=48 resolved=3994 errors=1227 current=tower-http/src/cors/allow_credentials.rs
[2026-09-26T19:18:06Z] [iter=1] HEARTBEAT target_type=call_site elapsed_min=10.2 files_done=52 resolved=4232 errors=1291 current=tower-http/src/auth/async_require_authorization.rs
[2026-09-26T19:18:37Z] [iter=1] HEARTBEAT target_type=call_site elapsed_min=10.7 files_done=62 resolved=4517 errors=1370 current=tower-http/src/cors/allow_headers.rs
[2026-09-26T19:19:13Z] [iter=1] HEARTBEAT target_type=call_site elapsed_min=11.3 files_done=66 resolved=4724 errors=1451 current=tower-http/src/services/fs/serve_dir/headers.rs
[2026-09-26T19:19:48Z] [iter=1] HEARTBEAT target_type=call_site elapsed_min=11.8 files_done=71 resolved=4872 errors=1541 current=tower-http/src/services/fs/mod.rs
[2026-09-26T19:20:19Z] [iter=1] HEARTBEAT target_type=call_site elapsed_min=12.4 files_done=82 resolved=5039 errors=1623 current=tower-http/src/decompression/service.rs
[2026-09-26T19:20:50Z] [iter=1] Target type resolved target_type=call_site resolved=5148 errors=1693 secs=755 mem_mb=848 MB
[2026-09-26T19:20:50Z] [iter=1] Resolving target type target_type=implements_clause count=319
[2026-09-26T19:20:52Z] [iter=1] HEARTBEAT target_type=implements_clause elapsed_min=12.9 files_done=0 resolved=0 errors=0 current=tower-http/src/auth/async_require_authorization.rs
[2026-09-26T19:21:18Z] [iter=1] Target type resolved target_type=implements_clause resolved=319 errors=0 secs=28 mem_mb=848 MB
[2026-09-26T19:21:56Z] [iter=1] Step 5: Writing final enrichment file triples=68402
[2026-09-26T19:21:57Z] [iter=1] Enrichment file written path=/home/runner/work/forx/forx/storage/aggregate/lsp/1d082ef7bdb6d80a2964698804a46c338b4c6a99.nq.gz size_kb=1445
[2026-09-26T19:21:57Z] [iter=1] PHASE END: enrich elapsed_s=840 elapsed_min=14.0 total_triples=68402
